// Jest Snapshot v1, https://goo.gl/fbAQLP

exports[`Menu.Keyboard no data-menu-id by init 1`] = `
HTMLCollection [
  <ul
    class="rc-menu rc-menu-root rc-menu-inline"
    data-menu-list="true"
    role="menu"
    tabindex="0"
  >
    <li
      class="rc-menu-submenu rc-menu-submenu-inline rc-menu-submenu-open"
      role="none"
    >
      <div
        aria-controls="rc-menu-uuid-test-light-popup"
        aria-expanded="true"
        aria-haspopup="true"
        class="rc-menu-submenu-title"
        data-menu-id="rc-menu-uuid-test-light"
        role="menuitem"
        style="padding-left: 0px;"
        tabindex="-1"
        title="Light"
      >
        Light
        <i
          class="rc-menu-submenu-arrow"
        />
      </div>
      <ul
        class="rc-menu rc-menu-sub rc-menu-inline"
        data-menu-list="true"
        id="rc-menu-uuid-test-light-popup"
      >
        <li
          class="rc-menu-item"
          data-menu-id="rc-menu-uuid-test-bamboo"
          role="menuitem"
          style="padding-left: 24px;"
          tabindex="-1"
        >
          Bamboo
        </li>
      </ul>
    </li>
  </ul>,
  <div
    aria-hidden="true"
    style="display: none;"
  />,
]
`;
